python3 -m src.models.select --sweep
<Partition train: 410,601 rows x 290 features, days 1-119, prevalence 3.5117%>
<Partition valid: 77,822 rows x 290 features, days 127-154, prevalence 3.3885%>
[1/12] logreg__natural: out-of-fold calibration, then refit
    out-of-fold: 279,633 rows, 3.9967% positive; chose 'identity' on held-out fold 3 (a=1.000, b=0.000); fitted odds factor 0.81 vs assumed 1.00
🏃 View run select::logreg__natural at: http://localhost:5000/#/experiments/1/runs/1c0fc4e9e8714614a4c48675275057cf
🧪 View experiment at: http://localhost:5000/#/experiments/1
[2/12] logreg__weighted: out-of-fold calibration, then refit
    out-of-fold: 279,633 rows, 3.9967% positive; chose 'platt' on held-out fold 3 (a=0.750, b=-3.133); fitted odds factor 27.30 vs assumed 27.48
🏃 View run select::logreg__weighted at: http://localhost:5000/#/experiments/1/runs/c61e72b1104d4384a4425f58d19b7c38
🧪 View experiment at: http://localhost:5000/#/experiments/1
[3/12] logreg__smote: out-of-fold calibration, then refit
    out-of-fold: 279,633 rows, 3.9967% positive; chose 'platt' on held-out fold 3 (a=0.887, b=-1.104); fitted odds factor 2.48 vs assumed 2.75
🏃 View run select::logreg__smote at: http://localhost:5000/#/experiments/1/runs/5cae62aa7c2a48cdb2d0b551484bb42a
🧪 View experiment at: http://localhost:5000/#/experiments/1
[4/12] logreg__smote_weighted: out-of-fold calibration, then refit
    out-of-fold: 279,633 rows, 3.9967% positive; chose 'platt' on held-out fold 3 (a=0.710, b=-3.079); fitted odds factor 26.58 vs assumed 27.48
🏃 View run select::logreg__smote_weighted at: http://localhost:5000/#/experiments/1/runs/db5f156fb5f74949bbef9a2ab2daa6d5
🧪 View experiment at: http://localhost:5000/#/experiments/1
[5/12] lgbm__natural: out-of-fold calibration, then refit
    out-of-fold: 279,633 rows, 3.9967% positive; chose 'platt' on held-out fold 3 (a=0.559, b=0.626); fitted odds factor 0.05 vs assumed 1.00
🏃 View run select::lgbm__natural at: http://localhost:5000/#/experiments/1/runs/0b1be26275b245928e47da3f2df66239
🧪 View experiment at: http://localhost:5000/#/experiments/1
[6/12] lgbm__weighted: out-of-fold calibration, then refit
    out-of-fold: 279,633 rows, 3.9967% positive; chose 'platt' on held-out fold 3 (a=0.655, b=-0.437); fitted odds factor 0.60 vs assumed 27.48
🏃 View run select::lgbm__weighted at: http://localhost:5000/#/experiments/1/runs/08c1c7f4c1724ae7be8f3d76436c703e
🧪 View experiment at: http://localhost:5000/#/experiments/1
[7/12] lgbm__smote: out-of-fold calibration, then refit
    out-of-fold: 279,633 rows, 3.9967% positive; chose 'platt' on held-out fold 3 (a=0.717, b=0.710); fitted odds factor 0.15 vs assumed 2.75
🏃 View run select::lgbm__smote at: http://localhost:5000/#/experiments/1/runs/86df620ee80f4a9fbdb57e33f027231c
🧪 View experiment at: http://localhost:5000/#/experiments/1
[8/12] lgbm__smote_weighted: out-of-fold calibration, then refit
    out-of-fold: 279,633 rows, 3.9967% positive; chose 'platt' on held-out fold 3 (a=0.712, b=-0.207); fitted odds factor 0.53 vs assumed 27.48
🏃 View run select::lgbm__smote_weighted at: http://localhost:5000/#/experiments/1/runs/ca6e3ec098cf4321b17ba3cb2285825c
🧪 View experiment at: http://localhost:5000/#/experiments/1
[9/12] xgb__natural: out-of-fold calibration, then refit
    out-of-fold: 279,633 rows, 3.9967% positive; chose 'shift' on held-out fold 3 (a=1.000, b=0.711); fitted odds factor 0.49 vs assumed 1.00
🏃 View run select::xgb__natural at: http://localhost:5000/#/experiments/1/runs/d1563811c1cf4756a5298a6bf6b2609b
🧪 View experiment at: http://localhost:5000/#/experiments/1
[10/12] xgb__weighted: out-of-fold calibration, then refit
    out-of-fold: 279,633 rows, 3.9967% positive; chose 'platt' on held-out fold 3 (a=0.576, b=-0.522); fitted odds factor 0.47 vs assumed 27.48
🏃 View run select::xgb__weighted at: http://localhost:5000/#/experiments/1/runs/3b5e801c00c443c9bd44275ddaca319b
🧪 View experiment at: http://localhost:5000/#/experiments/1
[11/12] xgb__smote: out-of-fold calibration, then refit
    out-of-fold: 279,633 rows, 3.9967% positive; chose 'platt' on held-out fold 3 (a=1.045, b=0.646); fitted odds factor 0.60 vs assumed 2.75
🏃 View run select::xgb__smote at: http://localhost:5000/#/experiments/1/runs/a0ed628c427e4cc7b33c2084690b59dc
🧪 View experiment at: http://localhost:5000/#/experiments/1
[12/12] xgb__smote_weighted: out-of-fold calibration, then refit
    out-of-fold: 279,633 rows, 3.9967% positive; chose 'identity' on held-out fold 3 (a=1.000, b=0.000); fitted odds factor 0.72 vs assumed 27.48
🏃 View run select::xgb__smote_weighted at: http://localhost:5000/#/experiments/1/runs/7f8c568d25a34fd2a3e406ef3dc6e580
🧪 View experiment at: http://localhost:5000/#/experiments/1

=== validation partition ===
                arm_id  model  imbalance_arm  valid_pr_auc  valid_roc_auc  brier_calibrated  brier_raw  brier_analytic calibrator  calibrator_a  calibrator_b  fitted_odds_factor  recall_at_p50  recall_at_p90  cost_ed_at_best_threshold  savings_ed  best_threshold_ed  odds_factor  mean_p_raw  mean_p_calibrated  mean_p_analytic
         lgbm__natural   lgbm        natural      0.598894       0.926301          0.021663   0.021006        0.021006      platt      0.558545      0.625745            0.053487       0.602958       0.257490              106661.177807    0.735176           0.087041     1.000000    0.018676           0.071042         0.018676
        lgbm__weighted   lgbm       weighted      0.596697       0.922642          0.020816   0.021140        0.023875      platt      0.655056     -0.436563            0.601657       0.605233       0.239666              110465.644896    0.725730           0.050546    27.476385    0.045988           0.057310         0.010816
           lgbm__smote   lgbm          smote      0.592055       0.929127          0.020445   0.020983        0.022983      platt      0.717408      0.709650            0.146204       0.600683       0.205537              104908.201740    0.739529           0.065750     2.747639    0.020578           0.052220         0.013462
  lgbm__smote_weighted   lgbm smote_weighted      0.587021       0.927507          0.020825   0.020425        0.025440      platt      0.712332     -0.207186            0.530332       0.596511       0.191505               95547.901999    0.762769           0.057370    27.476385    0.040101           0.054934         0.008671
         xgb__weighted    xgb       weighted      0.573462       0.907120          0.020433   0.020915        0.024278      platt      0.575725     -0.521755            0.466515       0.588168       0.204778              119596.372871    0.703060           0.049216    27.476385    0.031614           0.042492         0.010528
          xgb__natural    xgb        natural      0.562745       0.922097          0.021021   0.021235        0.021235      shift      1.000000      0.711485            0.490915       0.544558       0.232082              104546.840874    0.740426           0.036496     1.000000    0.027081           0.041637         0.027081
   xgb__smote_weighted    xgb smote_weighted      0.558692       0.917186          0.021490   0.021490        0.025761   identity      1.000000      0.000000            0.723742       0.559348       0.187713              117151.920056    0.709129           0.026617    27.476385    0.046243           0.046243         0.008754
            xgb__smote    xgb          smote      0.543008       0.917059          0.021405   0.021721        0.023686      platt      1.045047      0.646157            0.600491       0.552143       0.177474              111321.198855    0.723606           0.034326     2.747639    0.028227           0.038830         0.015652
logreg__smote_weighted logreg smote_weighted      0.364581       0.842574          0.026370   0.130197        0.026176      platt      0.709679     -3.079167           26.582091       0.306788       0.058020              173762.635006    0.568573           0.037594    27.476385    0.296018           0.035401         0.032365
      logreg__weighted logreg       weighted      0.361074       0.844923          0.026372   0.131318        0.026243      platt      0.749882     -3.132858           27.301050       0.307926       0.019719              169947.498004    0.578046           0.036810    27.476385    0.300118           0.034424         0.032516
         logreg__smote logreg          smote      0.350626       0.834651          0.026508   0.029082        0.026475      platt      0.886819     -1.104346            2.483970       0.293895       0.036405              176962.472938    0.560628           0.025400     2.747639    0.067192           0.034302         0.031366
       logreg__natural logreg        natural      0.347062       0.833987          0.026578   0.026578        0.026578   identity      1.000000      0.000000            0.806052       0.286310       0.024649              176728.343942    0.561210           0.023141     1.000000    0.031904           0.031904         0.031904/home/vladimir/.venvs/thesis/lib/python3.12/site-packages/mlflow/types/utils.py:440: UserWarning: Hint: Inferred schema contains integer column(s). Integer columns in Python cannot represent missing values. If your input data contains missing values at inference time, it will be encoded as floats and will cause a schema enforcement error. The best way to avoid this problem is to infer the model schema based on a realistic data sample (training dataset) that includes missing values. Alternatively, you can declare integer columns as doubles (float64) whenever these columns may have missing values. See `Handling Integers With Missing Values <https://www.mlflow.org/docs/latest/models.html#handling-integers-with-missing-values>`_ for more details.
  warnings.warn(
/home/vladimir/.venvs/thesis/lib/python3.12/site-packages/mlflow/types/utils.py:440: UserWarning: Hint: Inferred schema contains integer column(s). Integer columns in Python cannot represent missing values. If your input data contains missing values at inference time, it will be encoded as floats and will cause a schema enforcement error. The best way to avoid this problem is to infer the model schema based on a realistic data sample (training dataset) that includes missing values. Alternatively, you can declare integer columns as doubles (float64) whenever these columns may have missing values. See `Handling Integers With Missing Values <https://www.mlflow.org/docs/latest/models.html#handling-integers-with-missing-values>`_ for more details.
  warnings.warn(
Successfully registered model 'fraud_detector'.
2026/09/10 02:23:04 INFO mlflow.store.model_registry.abstract_store: Waiting up to 300 seconds for model version to finish creation. Model name: fraud_detector, version 1
Created version '1' of model 'fraud_detector'.


selected arm: lgbm__natural (validation PR-AUC 0.5989, no-skill 0.0339)

=== decision rules, selected arm ===
                                      rule  threshold  review_rate  precision   recall       cost_ed  savings_ed  cost_fx
                              default 0.50   0.500000     0.018401   0.785615 0.426621 274602.234946    0.318203 151507.0
             fixed-ratio analytic (0.0099)   0.009901     0.949166   0.035619 0.997725 295706.017997    0.265806  71835.0
               fixed-ratio cost-minimising   0.060402     0.300750   0.103653 0.919985 114624.454981    0.715405  42079.0
                 example-dependent, global   0.087041     0.187980   0.156197 0.866515 106661.177807    0.735176  47544.0
example-dependent, per-transaction (Elkan)        NaN     0.388027   0.077491 0.887372 132181.168988    0.671814  57557.0

=== review-cost sensitivity ===
  ca  global_threshold   global_cost  global_savings  global_review_rate  global_recall    elkan_cost  elkan_savings  elkan_review_rate  elkan_recall
 1.0          0.057519  43811.151957        0.891223            0.318303       0.924156  62215.384001       0.845528           0.780872      0.974213
 2.0          0.060773  67685.354979        0.831947            0.298245       0.918468  95282.979001       0.763427           0.584552      0.941221
 4.0          0.087041 106661.177807        0.735176            0.187980       0.866515 132181.168988       0.671814           0.388027      0.887372
 8.0          0.128816 153065.907806        0.619960            0.109339       0.786500 172544.815960       0.571597           0.239958      0.800910
16.0          0.175583 203002.431847        0.495975            0.072692       0.722412 224245.297920       0.443232           0.141245      0.630262

=== calibration, assumed against fitted out of fold ===
validation prevalence 3.3885%; a calibrated model's mean predicted probability should sit near it
                arm_id  odds_factor  fitted_odds_factor calibrator  mean_p_raw  mean_p_analytic  mean_p_calibrated  brier_raw  brier_analytic  brier_calibrated
         lgbm__natural     1.000000            0.053487      platt    0.018676         0.018676           0.071042   0.021006        0.021006          0.021663
        lgbm__weighted    27.476385            0.601657      platt    0.045988         0.010816           0.057310   0.021140        0.023875          0.020816
           lgbm__smote     2.747639            0.146204      platt    0.020578         0.013462           0.052220   0.020983        0.022983          0.020445
  lgbm__smote_weighted    27.476385            0.530332      platt    0.040101         0.008671           0.054934   0.020425        0.025440          0.020825
         xgb__weighted    27.476385            0.466515      platt    0.031614         0.010528           0.042492   0.020915        0.024278          0.020433
          xgb__natural     1.000000            0.490915      shift    0.027081         0.027081           0.041637   0.021235        0.021235          0.021021
   xgb__smote_weighted    27.476385            0.723742   identity    0.046243         0.008754           0.046243   0.021490        0.025761          0.021490
            xgb__smote     2.747639            0.600491      platt    0.028227         0.015652           0.038830   0.021721        0.023686          0.021405
logreg__smote_weighted    27.476385           26.582091      platt    0.296018         0.032365           0.035401   0.130197        0.026176          0.026370
      logreg__weighted    27.476385           27.301050      platt    0.300118         0.032516           0.034424   0.131318        0.026243          0.026372
         logreg__smote     2.747639            2.483970      platt    0.067192         0.031366           0.034302   0.029082        0.026475          0.026508
       logreg__natural     1.000000            0.806052   identity    0.031904         0.031904           0.031904   0.026578        0.026578          0.026578

The assumed factor exceeds the fitted one by a median 18.79x across the 9 treated arms (above 1 means the analytic correction over-corrects).
The fitted calibrator beats the assumed correction on Brier score in 6 of 9 treated arms.

wrote /home/vladimir/projects/master-thesis/artifacts/models_v1/selection_summary.json

refitting lgbm__natural for registration
[tracking] model logged with 3 declared trusted types: collections.OrderedDict, lightgbm.basic.Booster, lightgbm.sklearn.LGBMClassifier
🏃 View run final::lgbm__natural at: http://localhost:5000/#/experiments/1/runs/9e7a420feec646e4a26ca32b30034b4d
🧪 View experiment at: http://localhost:5000/#/experiments/1

=== SMOTE ratio sweep ===
  ratio 0.05: PR-AUC 0.5918
  ratio 0.10: PR-AUC 0.5921
  ratio 0.25: PR-AUC 0.5898
  ratio 0.50: PR-AUC 0.5885
  ratio 1.00: PR-AUC 0.5864
 smote_ratio  valid_pr_auc  valid_roc_auc  brier_raw  brier_analytic
        0.05      0.591808       0.930648   0.021107        0.023104
        0.10      0.592055       0.929127   0.020983        0.022983
        0.25      0.589771       0.927921   0.021092        0.023109
        0.50      0.588523       0.927040   0.021019        0.023092
        1.00      0.586445       0.926235   0.021074        0.023144
